// Jest Snapshot v1, https://goo.gl/fbAQLP

exports[`renders correctly 1`] = `
<View
  style={
    Array [
      Object {
        "backgroundColor": "#fff",
        "flex": 1,
        "height": 1334,
      },
      Object {
        "backgroundColor": "#DCB2A9",
      },
    ]
  }
>
  <RCTScrollView
    automaticallyAdjustContentInsets={false}
    contentContainerStyle={
      Array [
        Object {
          "padding": undefined,
        },
        undefined,
      ]
    }
    contentInset={
      Object {
        "bottom": 0,
      }
    }
    enableAutomaticScroll={true}
    enableOnAndroid={false}
    enableResetScrollToCoords={true}
    extraHeight={75}
    extraScrollHeight={0}
    getScrollResponder={[Function]}
    handleOnScroll={[Function]}
    keyboardDismissMode="interactive"
    keyboardOpeningTime={250}
    keyboardShouldPersistTaps="handled"
    keyboardSpace={0}
    onScroll={[Function]}
    resetKeyboardSpace={[Function]}
    resetScrollToCoords={
      Object {
        "x": 0,
        "y": 0,
      }
    }
    scrollEventThrottle={1}
    scrollForExtraHeightOnAndroid={[Function]}
    scrollIntoView={[Function]}
    scrollToEnd={[Function]}
    scrollToFocusedInput={[Function]}
    scrollToPosition={[Function]}
    showsVerticalScrollIndicator={true}
    style={
      Object {
        "backgroundColor": "transparent",
        "flex": 1,
      }
    }
    update={[Function]}
    viewIsInsideTabBar={false}
  >
    <View>
      <Image
        source={
          Object {
            "uri": "https://www.lupusasturias.org/data/fotos/noticias/g_20_historia_clinica_.png",
          }
        }
        style={
          Object {
            "flex": 1,
            "height": 300,
            "justifyContent": "center",
            "marginHorizontal": 225,
            "marginTop": 15,
            "width": 300,
          }
        }
      />
      <View
        style={
          Array [
            Object {},
            Object {
              "alignContent": "center",
              "backgroundColor": "#FCFCF8",
              "borderRadius": 10,
              "flex": 1,
              "justifyContent": "space-between",
              "margin": "5%",
              "paddingHorizontal": "2%",
              "paddingVertical": "10%",
              "width": 675,
            },
          ]
        }
      >
        <View
          accessible={true}
          focusable={false}
          isTVSelectable={true}
          onClick={[Function]}
          onResponderGrant={[Function]}
          onResponderMove={[Function]}
          onResponderRelease={[Function]}
          onResponderTerminate={[Function]}
          onResponderTerminationRequest={[Function]}
          onStartShouldSetResponder={[Function]}
          style={
            Object {
              "alignItems": "center",
              "backgroundColor": "transparent",
              "borderBottomWidth": 1,
              "borderColor": "#D9D5DC",
              "borderLeftWidth": 0,
              "borderRadius": undefined,
              "borderRightWidth": 0,
              "borderTopWidth": 0,
              "borderWidth": undefined,
              "flexDirection": "row",
              "marginLeft": 15,
              "opacity": 1,
            }
          }
        >
          <Text />
          <TextInput
            allowFontScaling={true}
            editable={true}
            placeholder="User-Name"
            placeholderTextColor="#575757"
            rejectResponderTermination={true}
            style={
              Array [
                Object {
                  "color": "#000",
                  "flex": 1,
                  "fontSize": 17,
                  "height": 50,
                  "paddingLeft": 5,
                  "paddingRight": 5,
                  "top": 1.5,
                },
                Object {
                  "borderColor": "transparent",
                  "borderWidth": 1,
                  "padding": 5,
                  "width": "100%",
                },
              ]
            }
            underlineColorAndroid="rgba(0,0,0,0)"
          />
        </View>
        <View
          accessible={true}
          focusable={false}
          isTVSelectable={true}
          onClick={[Function]}
          onResponderGrant={[Function]}
          onResponderMove={[Function]}
          onResponderRelease={[Function]}
          onResponderTerminate={[Function]}
          onResponderTerminationRequest={[Function]}
          onStartShouldSetResponder={[Function]}
          style={
            Object {
              "alignItems": "center",
              "backgroundColor": "transparent",
              "borderBottomWidth": 1,
              "borderColor": "#D9D5DC",
              "borderLeftWidth": 0,
              "borderRadius": undefined,
              "borderRightWidth": 0,
              "borderTopWidth": 0,
              "borderWidth": undefined,
              "flexDirection": "row",
              "marginLeft": 15,
              "opacity": 1,
            }
          }
        >
          <Text />
          <TextInput
            allowFontScaling={true}
            editable={true}
            placeholder="Password"
            placeholderTextColor="#575757"
            rejectResponderTermination={true}
            style={
              Array [
                Object {
                  "color": "#000",
                  "flex": 1,
                  "fontSize": 17,
                  "height": 50,
                  "paddingLeft": 5,
                  "paddingRight": 5,
                  "top": 1.5,
                },
                Object {
                  "borderColor": "transparent",
                  "borderWidth": 1,
                  "padding": 5,
                  "width": "100%",
                },
              ]
            }
            underlineColorAndroid="rgba(0,0,0,0)"
          />
        </View>
        <View
          accessible={true}
          focusable={true}
          isTVSelectable={true}
          onClick={[Function]}
          onResponderGrant={[Function]}
          onResponderMove={[Function]}
          onResponderRelease={[Function]}
          onResponderTerminate={[Function]}
          onResponderTerminationRequest={[Function]}
          onStartShouldSetResponder={[Function]}
          style={
            Object {
              "alignItems": "center",
              "backgroundColor": "#f4f4f4",
              "borderBottomWidth": null,
              "borderColor": "#007aff",
              "borderLeftWidth": null,
              "borderRadius": 5,
              "borderRightWidth": null,
              "borderTopWidth": null,
              "borderWidth": undefined,
              "elevation": 2,
              "flexDirection": "row",
              "height": 45,
              "justifyContent": "center",
              "margin": 20,
              "opacity": 1,
              "paddingBottom": 6,
              "paddingTop": 6,
              "shadowColor": undefined,
              "shadowOffset": undefined,
              "shadowOpacity": undefined,
              "shadowRadius": undefined,
              "width": "90%",
            }
          }
        >
          <Text
            style={
              Object {
                "color": "#000",
                "fontWeight": "bold",
                "padding": 1,
                "textAlign": "center",
              }
            }
          >
            Log in
          </Text>
        </View>
      </View>
      <View
        accessible={true}
        focusable={false}
        isTVSelectable={true}
        onClick={[Function]}
        onResponderGrant={[Function]}
        onResponderMove={[Function]}
        onResponderRelease={[Function]}
        onResponderTerminate={[Function]}
        onResponderTerminationRequest={[Function]}
        onStartShouldSetResponder={[Function]}
        style={
          Object {
            "justifyContent": "center",
            "margin": 20,
            "opacity": 1,
            "width": "90%",
          }
        }
      >
        <Text
          style={
            Object {
              "color": "#000",
              "fontWeight": "bold",
              "padding": 1,
              "textAlign": "center",
            }
          }
        >
          Register
        </Text>
      </View>
    </View>
  </RCTScrollView>
</View>
`;
